// Jest Snapshot v1, https://goo.gl/fbAQLP

exports[`HeaderRightItem should match snapshot 1`] = `
<View
  accessibilityState={
    {
      "busy": undefined,
      "checked": undefined,
      "disabled": undefined,
      "expanded": undefined,
      "selected": undefined,
    }
  }
  accessibilityValue={
    {
      "max": undefined,
      "min": undefined,
      "now": undefined,
      "text": undefined,
    }
  }
  accessible={true}
  collapsable={false}
  focusable={true}
  hasMarginRight={true}
  onBlur={[Function]}
  onClick={[Function]}
  onFocus={[Function]}
  onResponderGrant={[Function]}
  onResponderMove={[Function]}
  onResponderRelease={[Function]}
  onResponderTerminate={[Function]}
  onResponderTerminationRequest={[Function]}
  onStartShouldSetResponder={[Function]}
  style={
    [
      {
        "alignItems": "center",
        "borderBottomLeftRadius": 20,
        "borderBottomRightRadius": 20,
        "borderTopLeftRadius": 20,
        "borderTopRightRadius": 20,
        "flexDirection": "row",
        "justifyContent": "space-around",
        "marginRight": 20,
        "marginTop": "5%",
        "transition": "0.4s",
      },
      {},
    ]
  }
  testID="header-right-item-button"
  type="primary"
>
  <Text />
</View>
`;
